// Jest Snapshot v1, https://goo.gl/fbAQLP

exports[`Should render MathGame correctly 1`] = `
<div>
  MathGame
</div>
`;
